# load-lock baseline: rendered chars per reader per artifact, as tests/load/measure.sh prints them.
# Rows only go down: lower a row when its reader shrinks; never raise one.
# Growth needs a note line from the project owner, with its reason:
# note	<reader>	<artifact>	<allowed chars>	<reason>
cli-antigravity	AGENTS.md	7149
cli-codex	AGENTS.md	6891
cli-cursor	rules/always-on-core.mdc	6823
cli-opencode	AGENTS.md	7085
lead	agent-listing	1602
lead	hooks/always-on-core.md	6044
lead	session-path	71187
lead	session-start	6283
lead	skill-listing	3612
lead	skills/check-work/SKILL.md	5647
lead	skills/check-work/examples/evidence-examples.md	2861
lead	skills/check-work/references/child-plugin-evidence.md	956
lead	skills/check-work/templates/evidence-block.md	1328
lead	skills/convening-code-review/SKILL.md	11720
lead	skills/cross-family/SKILL.md	9010
lead	skills/cross-family/references/pool.md	1757
lead	skills/cross-family/references/review.md	1631
lead	skills/debug-issue/SKILL.md	10565
lead	skills/debug-issue/references/flake-triage.md	1190
lead	skills/debug-issue/references/repro-backends.md	1304
lead	skills/debug-issue/references/root-cause-tracing.md	906
lead	skills/debug-issue/templates/debug-report.md	1400
lead	skills/debug-issue/templates/hypothesis-ledger.md	1340
lead	skills/deepen-codebase/SKILL.md	7243
lead	skills/deepen-codebase/references/explorer-lens.md	2014
lead	skills/deepen-codebase/references/html-report.md	5959
lead	skills/finish-work/SKILL.md	13261
lead	skills/finish-work/examples/finish-examples.md	3265
lead	skills/finish-work/references/ci-triage.md	3793
lead	skills/finish-work/templates/finish-menu.md	2363
lead	skills/finish-work/templates/pr-body.md	689
lead	skills/finish-work/templates/release-checklist.md	1459
lead	skills/implement-plan/SKILL.md	9345
lead	skills/implement-plan/examples/execution-examples.md	1838
lead	skills/implement-plan/references/sibling-plugins.md	561
lead	skills/implement-plan/references/wizard.md	6786
lead	skills/manage-context/SKILL.md	10375
lead	skills/manage-context/examples/context-examples.md	3201
lead	skills/manage-context/references/cli-fallbacks.md	2228
lead	skills/manage-context/templates/handoff-brief.md	2259
lead	skills/orchestrating-plans/SKILL.md	10225
lead	skills/review-code/SKILL.md	11437
lead	skills/review-code/examples/finding-examples.md	2458
lead	skills/review-code/references/axes.md	1492
lead	skills/review-code/references/receiving-findings.md	7446
lead	skills/rolepod-stats/SKILL.md	1303
lead	skills/coordinating-parallel-tracks/SKILL.md	8780
lead	skills/using-rolepod/SKILL.md	9014
lead	skills/using-rolepod/examples/routing-transcripts.md	4316
lead	skills/using-rolepod/references/fanout-claude.md	4428
lead	skills/using-rolepod/references/fanout-codex.md	2534
lead	skills/using-rolepod/references/model-tiers.md	8649
lead	skills/using-rolepod/references/plugins-and-mcp.md	952
lead	skills/using-rolepod/references/scope-then-spawn.md	3542
lead	skills/using-rolepod/references/session-mode.md	1300
lead	skills/write-plan/SKILL.md	10544
lead	skills/write-plan/examples/plan-examples.md	9572
lead	skills/write-plan/references/edge-cases.md	2236
lead	skills/write-plan/references/parallel.md	1410
lead	skills/write-plan/references/plan-reviewer-prompt.md	2665
lead	skills/write-plan/references/team-issues.md	3161
lead	skills/write-plan/templates/cohesion-contract-template.md	2092
lead	skills/write-plan/templates/plan-template.md	5242
lead	skills/write-prototype/SKILL.md	5766
lead	skills/write-prototype/references/logic.md	3023
lead	skills/write-prototype/references/ui.md	4652
lead	skills/write-spec/SKILL.md	10999
lead	skills/write-spec/examples/spec-examples.md	8084
lead	skills/write-spec/references/approaches.md	1267
lead	skills/write-spec/references/chart-work.md	5414
lead	skills/write-spec/references/question-bank.md	4294
lead	skills/write-spec/references/scope-splitting.md	1607
lead	skills/write-spec/templates/spec-template.md	2705
lead	standing	18909
owner	code-writer-own	22252
owner	skills/debug-issue/SKILL.md	10565
owner	skills/debug-issue/references/flake-triage.md	1190
owner	skills/debug-issue/references/repro-backends.md	1304
owner	skills/debug-issue/references/root-cause-tracing.md	906
owner	skills/debug-issue/templates/debug-report.md	1400
owner	skills/debug-issue/templates/hypothesis-ledger.md	1340
owner	skills/implement-plan/SKILL.md	9345
owner	skills/implement-plan/examples/execution-examples.md	1838
owner	skills/implement-plan/references/sibling-plugins.md	561
owner	skills/implement-plan/references/wizard.md	6786
owner	skills/review-code/references/receiving-findings.md	7446
owner	skills/simplify-code/SKILL.md	7799
owner	skills/simplify-code/templates/simplification-report.md	1183
owner	skills/tdd-flow/SKILL.md	6765
owner	skills/tdd-flow/references/red-proof.md	2694
review-round	lite-r4-round1	46462
review-round	standard-r4-round1	71886
lead	skills/implement-plan/references/writing.md	2721
owner	agents/rolepod-builder.md	6142
owner	agents/rolepod-qa.md	8364
owner	skills/implement-plan/references/writing.md	2721
reviewer	agents/rolepod-reviewer.md	5934
reviewer	skills/adversarial-review/SKILL.md	6691
reviewer	skills/review-code/SKILL.md	11437
reviewer	skills/security-review/SKILL.md	8053
scout	agents/rolepod-scout.md	6686
